
Running 12 tests using 7 workers

[1A[2K[1/12] [chromium] › e2e/playground.spec.ts:122:3 › Playground › performs ML-DSA signing/verification
[1A[2K[2/12] [firefox] › e2e/playground.spec.ts:27:3 › Playground › generates ML-DSA keys
[1A[2K[3/12] [firefox] › e2e/playground.spec.ts:40:3 › Playground › performs ML-KEM encapsulation/decapsulation
[1A[2K[4/12] [chromium] › e2e/playground.spec.ts:12:3 › Playground › generates ML-KEM keys
[1A[2K[5/12] [chromium] › e2e/playground.spec.ts:27:3 › Playground › generates ML-DSA keys
[1A[2K[6/12] [chromium] › e2e/playground.spec.ts:40:3 › Playground › performs ML-KEM encapsulation/decapsulation
[1A[2K[7/12] [firefox] › e2e/playground.spec.ts:12:3 › Playground › generates ML-KEM keys
[1A[2K[8/12] [webkit] › e2e/playground.spec.ts:12:3 › Playground › generates ML-KEM keys
[1A[2K[9/12] [firefox] › e2e/playground.spec.ts:122:3 › Playground › performs ML-DSA signing/verification
[1A[2K[chromium] › e2e/playground.spec.ts:40:3 › Playground › performs ML-KEM encapsulation/decapsulation
Private Key Options: 2

[1A[2K[10/12] [webkit] › e2e/playground.spec.ts:27:3 › Playground › generates ML-DSA keys
[1A[2KResult Text: SECRET RECOVERED

[1A[2K  1) [chromium] › e2e/playground.spec.ts:40:3 › Playground › performs ML-KEM encapsulation/decapsulation 

    Error: [2mexpect([22m[31mlocator[39m[2m).[22mtoBeVisible[2m([22m[2m)[22m failed

    Locator: getByText('SECRET RECOVERED')
    Expected: visible
    Error: strict mode violation: getByText('SECRET RECOVERED') resolved to 2 elements:
        1) <span title="✓ Secret Recovered (Match)" class="text-accent max-w-[200px] truncate">✓ Secret Recovered (Match)</span> aka getByText('✓ Secret Recovered (Match)')
        2) <div class="font-bold text-lg">SECRET RECOVERED</div> aka getByText('SECRET RECOVERED', { exact: true })

    Call log:
    [2m  - Expect "toBeVisible" with timeout 5000ms[22m
    [2m  - waiting for getByText('SECRET RECOVERED')[22m


      117 |     }
      118 |
    > 119 |     await expect(page.getByText('SECRET RECOVERED')).toBeVisible()
          |                                                      ^
      120 |   })
      121 |
      122 |   test('performs ML-DSA signing/verification', async ({ page }) => {
        at /Users/ericamador/antigravity/pqc-timeline-app/e2e/playground.spec.ts:119:54

    Error Context: test-results/playground-Playground-perf-81f75-encapsulation-decapsulation-chromium/error-context.md


[1A[2K[firefox] › e2e/playground.spec.ts:40:3 › Playground › performs ML-KEM encapsulation/decapsulation
Private Key Options: 2

[1A[2K[11/12] [webkit] › e2e/playground.spec.ts:40:3 › Playground › performs ML-KEM encapsulation/decapsulation
[1A[2K[12/12] [webkit] › e2e/playground.spec.ts:122:3 › Playground › performs ML-DSA signing/verification
[1A[2KResult Text: SECRET RECOVERED

[1A[2K  2) [firefox] › e2e/playground.spec.ts:40:3 › Playground › performs ML-KEM encapsulation/decapsulation 

    Error: [2mexpect([22m[31mlocator[39m[2m).[22mtoBeVisible[2m([22m[2m)[22m failed

    Locator: getByText('SECRET RECOVERED')
    Expected: visible
    Error: strict mode violation: getByText('SECRET RECOVERED') resolved to 2 elements:
        1) <span title="✓ Secret Recovered (Match)" class="text-accent max-w-[200px] truncate">✓ Secret Recovered (Match)</span> aka getByText('✓ Secret Recovered (Match)')
        2) <div class="font-bold text-lg">SECRET RECOVERED</div> aka getByText('SECRET RECOVERED', { exact: true })

    Call log:
    [2m  - Expect "toBeVisible" with timeout 5000ms[22m
    [2m  - waiting for getByText('SECRET RECOVERED')[22m


      117 |     }
      118 |
    > 119 |     await expect(page.getByText('SECRET RECOVERED')).toBeVisible()
          |                                                      ^
      120 |   })
      121 |
      122 |   test('performs ML-DSA signing/verification', async ({ page }) => {
        at /Users/ericamador/antigravity/pqc-timeline-app/e2e/playground.spec.ts:119:54

    Error Context: test-results/playground-Playground-perf-81f75-encapsulation-decapsulation-firefox/error-context.md


[1A[2K[webkit] › e2e/playground.spec.ts:40:3 › Playground › performs ML-KEM encapsulation/decapsulation
Private Key Options: 2

[1A[2KResult Text: SECRET RECOVERED

[1A[2K  3) [webkit] › e2e/playground.spec.ts:40:3 › Playground › performs ML-KEM encapsulation/decapsulation 

    Error: [2mexpect([22m[31mlocator[39m[2m).[22mtoBeVisible[2m([22m[2m)[22m failed

    Locator: getByText('SECRET RECOVERED')
    Expected: visible
    Error: strict mode violation: getByText('SECRET RECOVERED') resolved to 2 elements:
        1) <span title="✓ Secret Recovered (Match)" class="text-accent max-w-[200px] truncate">✓ Secret Recovered (Match)</span> aka getByText('✓ Secret Recovered (Match)')
        2) <div class="font-bold text-lg">SECRET RECOVERED</div> aka getByText('SECRET RECOVERED', { exact: true })

    Call log:
    [2m  - Expect "toBeVisible" with timeout 5000ms[22m
    [2m  - waiting for getByText('SECRET RECOVERED')[22m


      117 |     }
      118 |
    > 119 |     await expect(page.getByText('SECRET RECOVERED')).toBeVisible()
          |                                                      ^
      120 |   })
      121 |
      122 |   test('performs ML-DSA signing/verification', async ({ page }) => {
        at /Users/ericamador/antigravity/pqc-timeline-app/e2e/playground.spec.ts:119:54

    Error Context: test-results/playground-Playground-perf-81f75-encapsulation-decapsulation-webkit/error-context.md


[1A[2K  3 failed
    [chromium] › e2e/playground.spec.ts:40:3 › Playground › performs ML-KEM encapsulation/decapsulation 
    [firefox] › e2e/playground.spec.ts:40:3 › Playground › performs ML-KEM encapsulation/decapsulation 
    [webkit] › e2e/playground.spec.ts:40:3 › Playground › performs ML-KEM encapsulation/decapsulation 
  9 passed (9.0s)

[36m  Serving HTML report at http://localhost:49710. Press Ctrl+C to quit.[39m
